exports[`Testing ImageComp component renders should render a ImageComp component 1`] = `
ShallowWrapper {
  "complexSelector": ComplexSelector {
    "buildPredicate": [Function],
    "childrenOfNode": [Function],
    "findWhereUnwrapped": [Function],
  },
  "length": 1,
  "node": <Image
    bsClass="img"
    circle={false}
    responsive={true}
    rounded={false}
    src={undefined}
    thumbnail={false} />,
  "nodes": Array [
    <Image
      bsClass="img"
      circle={false}
      responsive={true}
      rounded={false}
      src={undefined}
      thumbnail={false} />,
  ],
  "options": Object {},
  "renderer": ReactShallowRenderer {
    "_instance": ShallowComponentWrapper {
      "_calledComponentWillUnmount": false,
      "_compositeType": 0,
      "_context": Object {},
      "_currentElement": <ImageComp />,
      "_debugID": 1,
      "_hostContainerInfo": null,
      "_hostParent": null,
      "_instance": ImageComp {
        "_reactInternalInstance": [Circular],
        "context": Object {},
        "props": Object {},
        "refs": Object {},
        "state": null,
        "updater": Object {
          "enqueueCallback": [Function],
          "enqueueCallbackInternal": [Function],
          "enqueueElementInternal": [Function],
          "enqueueForceUpdate": [Function],
          "enqueueReplaceState": [Function],
          "enqueueSetState": [Function],
          "isMounted": [Function],
          "validateCallback": [Function],
        },
      },
      "_mountOrder": 1,
      "_pendingCallbacks": null,
      "_pendingElement": null,
      "_pendingForceUpdate": false,
      "_pendingReplaceState": false,
      "_pendingStateQueue": null,
      "_renderedComponent": Object {
        "_currentElement": <Image
          bsClass="img"
          circle={false}
          responsive={true}
          rounded={false}
          src={undefined}
          thumbnail={false} />,
        "_debugID": 2,
        "_renderedOutput": <Image
          bsClass="img"
          circle={false}
          responsive={true}
          rounded={false}
          src={undefined}
          thumbnail={false} />,
      },
      "_renderedNodeType": 1,
      "_rootNodeID": 0,
      "_topLevelWrapper": null,
      "_updateBatchNumber": null,
      "_warnedAboutRefsInRender": false,
    },
    "getRenderOutput": [Function],
    "render": [Function],
  },
  "root": [Circular],
  "unrendered": <ImageComp />,
}
`;
